Renesas Optimizing Linker (W2.06.00 )             24-Mar-2026 10:00:16

*** Options ***

-subcommand=DefaultBuild\LD_LCD_Controll.clnk
-Input=DefaultBuild\cstart.obj
-Input=DefaultBuild\stkinit.obj
-Input=DefaultBuild\r_main.obj
-Input=DefaultBuild\r_systeminit.obj
-Input=DefaultBuild\r_cg_cgc.obj
-Input=DefaultBuild\r_cg_cgc_user.obj
-Input=DefaultBuild\r_cg_wdt.obj
-Input=DefaultBuild\r_cg_wdt_user.obj
-Input=DefaultBuild\flash.obj
-Input=DefaultBuild\r_cg_serial.obj
-Input=DefaultBuild\r_cg_serial_user.obj
-Input=DefaultBuild\r_cg_port.obj
-Input=DefaultBuild\r_cg_port_user.obj
-Input=DefaultBuild\r_cg_timer.obj
-Input=DefaultBuild\r_cg_timer_user.obj
-Input=DefaultBuild\get_adc.obj
-Input=DefaultBuild\r_cg_adc.obj
-Input=DefaultBuild\r_cg_adc_user.obj
-Input=DefaultBuild\r_cg_intc.obj
-Input=DefaultBuild\r_cg_intc_user.obj
-Input=DefaultBuild\UART_SET.obj
-Input=DefaultBuild\get_screen.obj
-Input=DefaultBuild\m_manual_1.obj
-Input=DefaultBuild\b_basic.obj
-Input=DefaultBuild\m_pulse_2.obj
-Input=DefaultBuild\m_04_20ma_3.obj
-Input=DefaultBuild\m_lot_4.obj
-Input=DefaultBuild\m_loop_5.obj
-Input=DefaultBuild\m_week_6.obj
-Input=DefaultBuild\b_cali.obj
-Input=DefaultBuild\set_other.obj
-Input=DefaultBuild\i2c.obj
-LIBrary=pfdl.lib
-SECURITY_ID=00000000000000000000
-DEVICE=D:\Program Files (x86)\Renesas Electronics\CS+\CC\Device\RL78\Devicefile\DR5F100FE.DVF
-DEBug
-NOCOmpress
-NOOPtimize
-OUtput=DefaultBuild\LD_LCD_Controll.abs
-LIBrary=D:\Program Files (x86)\Renesas Electronics\CS+\CC\CC-RL\V1.04.00\lib\rl78cm4s.lib
-LIBrary=D:\Program Files (x86)\Renesas Electronics\CS+\CC\CC-RL\V1.04.00\lib\malloc_n.lib
-LIBrary=D:\Program Files (x86)\Renesas Electronics\CS+\CC\CC-RL\V1.04.00\lib\rl78cm4r.lib
-OCDBG=04
-DEBUG_MONITOR=FE00-FFFF
-USER_OPT_BYTE=FF5BE9
-PADDING
-LISt=DefaultBuild\LD_LCD_Controll.map
-STARt=.const,.text,.RLIB,.SLIB,.textf,.constf,.data,.sdata,PFDL_COD*/000D8,.dataR,.bss/FF400,.sdataR,.sbss/FFE20
-ROm=.data=.dataR
-ROm=.sdata=.sdataR
-NOMessage
-MEMory=High
-NOLOgo
-end

*** Error information ***

W0561100:Cannot find ".const" specified in option "start"

*** Mapping List ***

SECTION                            START      END         SIZE   ALIGN

.vect
                                  00000000  0000007f        80   0
.option_byte
                                  000000c0  000000c3         4   1
.security_id
                                  000000c4  000000cd         a   1
.monitor1
                                  000000ce  000000d7         a   1
.text
                                  000000d8  0000050e       437   1
.RLIB
                                  0000050f  00001050       b42   1
.SLIB
                                  00001051  000010ac        5c   1
.textf
                                  000010ad  00006821      5775   1
.constf
                                  00006822  00006b77       356   2
.data
                                  00006b78  00006c81       10a   2
.sdata
                                  00006c82  00006c82         0   2
PFDL_COD
                                  00006c82  00006d0f        8e   2
.monitor2
                                  0000fe00  0000ffff       200   1
.dataR
                                  000ff400  000ff509       10a   2
.bss
                                  000ff50a  000ff9f9       4f0   2
.sdataR
                                  000ffe20  000ffe20         0   2
.sbss
                                  000ffe20  000ffe20         0   2
